
> prefcol@0.0.0 build
> vite build

vite v4.5.5 building for production...
transforming...
node.exe : src/Student_Panel/page.jsx (1:0) Error when using sourcemap for reporting an error: Can't resolve original 
location of error.
At line:1 char:1
+ & "C:\Program Files\nodejs/node.exe" "C:\Program Files\nodejs/node_mo ...
+ ~~~~~~~~~~~~~~~~~~~~~~~~~~~~~~~~~~~~~~~~~~~~~~~~~~~~~~~~~~~~~~~~~~~~~
    + CategoryInfo          : NotSpecified: (src/Student_Pan...ation of error.:String) [], RemoteException
    + FullyQualifiedErrorId : NativeCommandError
 
src/Components/Common/Loginpage/auth-system.jsx (1:0) Error when using sourcemap for reporting an error: Can't resolve 
original location of error.
src/Student_Panel/pages/ITCourses.jsx (1:0) Error when using sourcemap for reporting an error: Can't resolve original 
location of error.
src/Student_Panel/contexts/ThemeContext.jsx (1:0) Error when using sourcemap for reporting an error: Can't resolve 
original location of error.
src/Student_Panel/pages/Dashboard.jsx (1:0) Error when using sourcemap for reporting an error: Can't resolve original 
location of error.
src/Student_Panel/components/SideNav.jsx (1:0) Error when using sourcemap for reporting an error: Can't resolve 
original location of error.
src/Student_Panel/pages/MyCourses.jsx (1:0) Error when using sourcemap for reporting an error: Can't resolve original 
location of error.
src/Student_Panel/components/TopNav.jsx (1:0) Error when using sourcemap for reporting an error: Can't resolve 
original location of error.
src/Admin Panel/MasterAdmin/MasterTabs/User Management/RolesPermissions.jsx (1:0) Error when using sourcemap for 
reporting an error: Can't resolve original location of error.
src/Admin Panel/MasterAdmin/MasterTabs/User Management/DeleteUser.jsx (1:0) Error when using sourcemap for reporting 
an error: Can't resolve original location of error.
src/Student_Panel/pages/NonITCourses.jsx (1:0) Error when using sourcemap for reporting an error: Can't resolve 
original location of error.
src/Admin Panel/TeacherAdmin/TeacherTabs/VideoManagement/teacher-video-portal.jsx (1:0) Error when using sourcemap for 
reporting an error: Can't resolve original location of error.
src/Student_Panel/components/PrivateRoute.jsx (1:0) Error when using sourcemap for reporting an error: Can't resolve 
original location of error.
src/Student_Panel/pages/Settings.jsx (1:0) Error when using sourcemap for reporting an error: Can't resolve original 
location of error.
src/Student_Panel/pages/Assignments.jsx (1:0) Error when using sourcemap for reporting an error: Can't resolve 
original location of error.
src/Student_Panel/pages/Certificates.jsx (1:0) Error when using sourcemap for reporting an error: Can't resolve 
original location of error.
src/Admin Panel/MasterAdmin/MasterTabs/User Management/CreateUser.jsx (1:0) Error when using sourcemap for reporting 
an error: Can't resolve original location of error.
src/Student_Panel/pages/Payments.jsx (1:0) Error when using sourcemap for reporting an error: Can't resolve original 
location of error.
src/Admin Panel/MasterAdmin/MasterTabs/Update_User.jsx (1:0) Error when using sourcemap for reporting an error: Can't 
resolve original location of error.
src/Student_Panel/pages/Support.jsx (1:0) Error when using sourcemap for reporting an error: Can't resolve original 
location of error.
src/Admin Panel/MasterAdmin/MasterTabs/CourseandContentControl/components/VideoUploadModal.jsx (1:0) Error when using 
sourcemap for reporting an error: Can't resolve original location of error.
src/Admin Panel/TeacherAdmin/TeacherTabs/VideoManagement/components/playlist-management.jsx (1:0) Error when using 
sourcemap for reporting an error: Can't resolve original location of error.
src/Admin Panel/TeacherAdmin/TeacherTabs/VideoManagement/components/dashboard.jsx (1:0) Error when using sourcemap for 
reporting an error: Can't resolve original location of error.
src/Admin Panel/MasterAdmin/MasterTabs/CourseandContentControl/components/hooks/useVideos.jsx (1:0) Error when using 
sourcemap for reporting an error: Can't resolve original location of error.
src/Admin Panel/TeacherAdmin/TeacherTabs/VideoManagement/components/video-management.jsx (1:0) Error when using 
sourcemap for reporting an error: Can't resolve original location of error.
src/Admin Panel/TeacherAdmin/TeacherTabs/VideoManagement/hooks/use-analytics.jsx (1:0) Error when using sourcemap for 
reporting an error: Can't resolve original location of error.
src/Admin Panel/TeacherAdmin/TeacherTabs/VideoManagement/hooks/use-playlists.jsx (1:0) Error when using sourcemap for 
reporting an error: Can't resolve original location of error.
src/Admin Panel/TeacherAdmin/TeacherTabs/VideoManagement/hooks/use-notifications.jsx (1:0) Error when using sourcemap 
for reporting an error: Can't resolve original location of error.
src/Admin Panel/TeacherAdmin/TeacherTabs/VideoManagement/hooks/use-search.jsx (1:0) Error when using sourcemap for 
reporting an error: Can't resolve original location of error.
src/Admin Panel/TeacherAdmin/TeacherTabs/VideoManagement/components/Calendar.jsx (1:0) Error when using sourcemap for 
reporting an error: Can't resolve original location of error.
src/Admin Panel/TeacherAdmin/TeacherTabs/VideoManagement/components/course-management.jsx (1:0) Error when using 
sourcemap for reporting an error: Can't resolve original location of error.
src/Admin Panel/TeacherAdmin/TeacherTabs/VideoManagement/components/student-management.jsx (1:0) Error when using 
sourcemap for reporting an error: Can't resolve original location of error.
src/Admin Panel/TeacherAdmin/TeacherTabs/VideoManagement/components/assignment-management.jsx (1:0) Error when using 
sourcemap for reporting an error: Can't resolve original location of error.
src/Admin Panel/TeacherAdmin/TeacherTabs/VideoManagement/components/video-preview-modal.jsx (1:0) Error when using 
sourcemap for reporting an error: Can't resolve original location of error.
Γ£ô 7789 modules transformed.
rendering chunks...
computing gzip size...
dist/index.html                                    0.80 kB Γöé gzip:     0.48 kB
dist/assets/Theatre_Arts-ec9a7eb6.jpeg             8.74 kB
dist/assets/Cyber-e8826802.jpeg                    9.89 kB
dist/assets/Business_Law-308d2f91.jpeg            10.12 kB
dist/assets/Java_Automation-f36b87ec.jpeg         10.18 kB
dist/assets/Java-4bcf9810.jpeg                    10.41 kB
dist/assets/Health_Care-55de1390.jpeg             10.68 kB
dist/assets/API_Testing-629c3fcc.jpeg             10.75 kB
dist/assets/DevOps-4684d943.jpeg                  11.08 kB
dist/assets/Creative_Writing-a8dd825e.jpeg        11.27 kB
dist/assets/Culinary_Arts-6962d102.jpeg           11.40 kB
dist/assets/Python-0fefec33.jpeg                  11.78 kB
dist/assets/HR-89e93ed1.jpeg                      11.80 kB
dist/assets/Python_Automation-59ace55e.jpeg       11.94 kB
dist/assets/Graphic_Design-f19a2972.jpeg          12.03 kB
dist/assets/Sustainable_Agri-c7af4c3d.jpeg        12.23 kB
dist/assets/Manual_Testing-bf373784.jpeg          12.41 kB
dist/assets/Environmental-bae13039.jpeg           12.62 kB
dist/assets/Public_Speaking-e846d9ec.jpeg         12.76 kB
dist/assets/Mobile_Development-e801ddd2.jpeg      13.29 kB
dist/assets/Photography-b6aa58d7.jpeg             13.74 kB
dist/assets/Prod_Manage-fb31650a.jpeg             13.86 kB
dist/assets/Digital_Marketing-524aa008.jpeg       14.33 kB
dist/assets/Business_Analysis-615d35f1.jpeg       14.75 kB
dist/assets/Data_Science-4f99849d.jpeg            15.87 kB
dist/assets/Prefcol-nav-2a646528.png              20.75 kB
dist/assets/Prefcol-93730486.png                  53.66 kB
dist/assets/login-05f5491d.jpeg                  115.87 kB
dist/assets/CareerHero-badc17cc.png              177.77 kB
dist/assets/Mentor-c73533a8.png                  218.33 kB
dist/assets/HeroBoy-8cfa8fb1.png                 231.59 kB
dist/assets/HeroVideo1-a34b47d5.mp4              839.87 kB
dist/assets/certificate-template-c45b7cf0.png  1,858.05 kB
dist/assets/kumar-3a5711e0.png                 2,985.06 kB
dist/assets/index-db3408ce.css                   150.31 kB Γöé gzip:    42.89 kB
dist/assets/index-db94347a.js                     15.14 kB Γöé gzip:     5.21 kB
dist/assets/index-ee7aec54.js                  3,988.67 kB Γöé gzip: 1,194.92 kB

(!) Some chunks are larger than 500 kBs after minification. Consider:
- Using dynamic import() to code-split the application
- Use build.rollupOptions.output.manualChunks to improve chunking: 
https://rollupjs.org/configuration-options/#output-manualchunks
- Adjust chunk size limit for this warning via build.chunkSizeWarningLimit.
Γ£ô built in 5m 38s
